// Jest Snapshot v1, https://goo.gl/fbAQLP

exports[`<Keyboard /> should render without errors 1`] = `
<DocumentFragment>
  <div
    class="keyboard"
  >
    <div
      class="keyboardButton"
      data-testid="q"
      id="q"
    >
      q
    </div>
    <div
      class="keyboardButton"
      data-testid="w"
      id="w"
    >
      w
    </div>
    <div
      class="keyboardButton"
      data-testid="e"
      id="e"
    >
      e
    </div>
    <div
      class="keyboardButton"
      data-testid="r"
      id="r"
    >
      r
    </div>
    <div
      class="keyboardButton"
      data-testid="t"
      id="t"
    >
      t
    </div>
    <div
      class="keyboardButton"
      data-testid="y"
      id="y"
    >
      y
    </div>
    <div
      class="keyboardButton"
      data-testid="u"
      id="u"
    >
      u
    </div>
    <div
      class="keyboardButton"
      data-testid="i"
      id="i"
    >
      i
    </div>
    <div
      class="keyboardButton"
      data-testid="o"
      id="o"
    >
      o
    </div>
    <div
      class="keyboardButton"
      data-testid="p"
      id="p"
    >
      p
    </div>
    <div
      class="keyboardButton"
      data-testid="a"
      id="a"
    >
      a
    </div>
    <div
      class="keyboardButton"
      data-testid="s"
      id="s"
    >
      s
    </div>
    <div
      class="keyboardButton"
      data-testid="d"
      id="d"
    >
      d
    </div>
    <div
      class="keyboardButton"
      data-testid="f"
      id="f"
    >
      f
    </div>
    <div
      class="keyboardButton"
      data-testid="g"
      id="g"
    >
      g
    </div>
    <div
      class="keyboardButton"
      data-testid="h"
      id="h"
    >
      h
    </div>
    <div
      class="keyboardButton"
      data-testid="j"
      id="j"
    >
      j
    </div>
    <div
      class="keyboardButton"
      data-testid="k"
      id="k"
    >
      k
    </div>
    <div
      class="keyboardButton"
      data-testid="l"
      id="l"
    >
      l
    </div>
    <div
      class="keyboardButton"
      data-testid="z"
      id="z"
    >
      z
    </div>
    <div
      class="keyboardButton enter"
      data-testid="enter"
      id="enter"
    >
      <svg
        aria-hidden="true"
        class="svg-inline--fa fa-arrow-turn-down "
        data-icon="arrow-turn-down"
        data-prefix="fas"
        focusable="false"
        role="img"
        viewBox="0 0 384 512"
        xmlns="http://www.w3.org/2000/svg"
      >
        <path
          d="M32 64C14.3 64 0 49.7 0 32S14.3 0 32 0l96 0c53 0 96 43 96 96l0 306.7 73.4-73.4c12.5-12.5 32.8-12.5 45.3 0s12.5 32.8 0 45.3l-128 128c-12.5 12.5-32.8 12.5-45.3 0l-128-128c-12.5-12.5-12.5-32.8 0-45.3s32.8-12.5 45.3 0L160 402.7 160 96c0-17.7-14.3-32-32-32L32 64z"
          fill="currentColor"
        />
      </svg>
    </div>
    <div
      class="keyboardButton"
      data-testid="x"
      id="x"
    >
      x
    </div>
    <div
      class="keyboardButton"
      data-testid="c"
      id="c"
    >
      c
    </div>
    <div
      class="keyboardButton"
      data-testid="v"
      id="v"
    >
      v
    </div>
    <div
      class="keyboardButton"
      data-testid="b"
      id="b"
    >
      b
    </div>
    <div
      class="keyboardButton"
      data-testid="n"
      id="n"
    >
      n
    </div>
    <div
      class="keyboardButton"
      data-testid="m"
      id="m"
    >
      m
    </div>
    <div
      class="keyboardButton backspace"
      data-testid="backspace"
      id="backspace"
    >
      <svg
        aria-hidden="true"
        class="svg-inline--fa fa-delete-left "
        data-icon="delete-left"
        data-prefix="fas"
        focusable="false"
        role="img"
        viewBox="0 0 576 512"
        xmlns="http://www.w3.org/2000/svg"
      >
        <path
          d="M576 128c0-35.3-28.7-64-64-64H205.3c-17 0-33.3 6.7-45.3 18.7L9.4 233.4c-6 6-9.4 14.1-9.4 22.6s3.4 16.6 9.4 22.6L160 429.3c12 12 28.3 18.7 45.3 18.7H512c35.3 0 64-28.7 64-64V128zM271 175c9.4-9.4 24.6-9.4 33.9 0l47 47 47-47c9.4-9.4 24.6-9.4 33.9 0s9.4 24.6 0 33.9l-47 47 47 47c9.4 9.4 9.4 24.6 0 33.9s-24.6 9.4-33.9 0l-47-47-47 47c-9.4 9.4-24.6 9.4-33.9 0s-9.4-24.6 0-33.9l47-47-47-47c-9.4-9.4-9.4-24.6 0-33.9z"
          fill="currentColor"
        />
      </svg>
    </div>
  </div>
</DocumentFragment>
`;
